// Jest Snapshot v1, https://goo.gl/fbAQLP

exports[`TreePrinting __check_tree_structure__ 1`] = `
Node {
  "kids": Array [
    Node {
      "kids": Array [
        Node {
          "kids": Array [],
          "name": 5,
        },
        Node {
          "kids": Array [
            Node {
              "kids": Array [],
              "name": 8,
            },
          ],
          "name": 6,
        },
      ],
      "name": 2,
    },
    Node {
      "kids": Array [],
      "name": 3,
    },
    Node {
      "kids": Array [
        Node {
          "kids": Array [
            Node {
              "kids": Array [],
              "name": 9,
            },
          ],
          "name": 7,
        },
      ],
      "name": 4,
    },
  ],
  "name": 1,
}
`;

exports[`TreePrinting should print out a tree in level order 1`] = `
Array [
  Array [
    1,
  ],
  Array [
    2,
  ],
  Array [
    3,
  ],
  Array [
    4,
  ],
  Array [
    5,
  ],
  Array [
    6,
  ],
  Array [
    7,
  ],
  Array [
    8,
  ],
  Array [
    9,
  ],
]
`;
